// Jest Snapshot v1, https://goo.gl/fbAQLP

exports[`jsx Link 1`] = `
<a
  href="http://www.facebook.com"
>
  Facebook
</a>
`;
